// Jest Snapshot v1, https://goo.gl/fbAQLP

exports[`TopBar component renders component correct 1`] = `
<div>
  <header
    class="MuiPaper-root MuiAppBar-root MuiAppBar-positionFixed MuiAppBar-colorPrimary mui-fixed MuiPaper-elevation0"
  >
    <div
      class="MuiToolbar-root MuiToolbar-regular makeStyles-toolbar-2 MuiToolbar-gutters"
    >
      <img
        alt="Logo empresa"
        class="makeStyles-img-1"
        src="logo-boticario-white.svg"
      />
      <button
        class="MuiButtonBase-root MuiButton-root MuiButton-outlined MuiButton-colorInherit"
        tabindex="0"
        type="button"
      >
        <span
          class="MuiButton-label"
        >
          Sair
        </span>
        <span
          class="MuiTouchRipple-root"
        />
      </button>
    </div>
  </header>
</div>
`;
